// Jest Snapshot v1, https://goo.gl/fbAQLP

exports[`test component 1`] = `
<div
  className="container"
>
  <h1
    className="h1"
  >
    TITLE
  </h1>
  <ul
    className="list"
  >
    <li
      className="item"
    >
      Adventure
    </li>
    <li
      className="item"
    >
      Animation
    </li>
    <li
      className="item"
    >
      Drama
    </li>
  </ul>
  <div
    className="container"
  >
    <div
      className="ratingBox"
    >
      <img
        alt="star"
        className="star"
        src="test-file-stub"
      />
      <img
        alt="star"
        className="star"
        src="test-file-stub"
      />
      <img
        alt="star"
        className="star"
        src="test-file-stub"
      />
      <img
        alt="star"
        className="star"
        src="test-file-stub"
      />
      <img
        alt="star"
        className="star"
        src="test-file-stub"
      />
      <img
        alt="star"
        className="star"
        src="test-file-stub"
      />
      <img
        alt="star"
        className="star"
        src="test-file-stub"
      />
      <img
        alt="star"
        className="star"
        src="test-file-stub"
      />
      <img
        alt="star"
        className="star"
        src="test-file-stub"
      />
      <img
        alt="star"
        className="star"
        src="test-file-stub"
      />
    </div>
    <div
      className="x"
      style={
        Object {
          "width": "90px",
        }
      }
    >
      <img
        alt="star"
        className="star"
        src="test-file-stub"
      />
      <img
        alt="star"
        className="star"
        src="test-file-stub"
      />
      <img
        alt="star"
        className="star"
        src="test-file-stub"
      />
      <img
        alt="star"
        className="star"
        src="test-file-stub"
      />
      <img
        alt="star"
        className="star"
        src="test-file-stub"
      />
      <img
        alt="star"
        className="star"
        src="test-file-stub"
      />
      <img
        alt="star"
        className="star"
        src="test-file-stub"
      />
      <img
        alt="star"
        className="star"
        src="test-file-stub"
      />
      <img
        alt="star"
        className="star"
        src="test-file-stub"
      />
      <img
        alt="star"
        className="star"
        src="test-file-stub"
      />
    </div>
    <div
      className="container"
    >
      4.5
    </div>
  </div>
</div>
`;
