// Jest Snapshot v1, https://goo.gl/fbAQLP

exports[`1.test MOVIE DETAILS PAGE component render 1`] = `
<div
  className="container"
>
  <div>
    <div
      className="curtian"
    >
      <img
        alt="no poster"
        className="poster"
        src="http://image.tmdb.org/t/p/w500//VuukZLgaCrho2Ar8Scl9HtV3yD.jpg"
      />
    </div>
  </div>
  <div
    className="container"
  >
    <div
      className="container"
    >
      <h1
        className="h1"
      >
        VENOM
      </h1>
      <ul
        className="list"
      >
        <li
          className="item"
        >
          Action
        </li>
        <li
          className="item"
        >
          Crime
        </li>
        <li
          className="item"
        >
          Horror
        </li>
        <li
          className="item"
        >
          Science Fiction
        </li>
      </ul>
      <div
        className="container"
      >
        <div
          className="ratingBox"
        >
          <img
            alt="star"
            className="star"
            src="test-file-stub"
          />
          <img
            alt="star"
            className="star"
            src="test-file-stub"
          />
          <img
            alt="star"
            className="star"
            src="test-file-stub"
          />
          <img
            alt="star"
            className="star"
            src="test-file-stub"
          />
          <img
            alt="star"
            className="star"
            src="test-file-stub"
          />
          <img
            alt="star"
            className="star"
            src="test-file-stub"
          />
          <img
            alt="star"
            className="star"
            src="test-file-stub"
          />
          <img
            alt="star"
            className="star"
            src="test-file-stub"
          />
          <img
            alt="star"
            className="star"
            src="test-file-stub"
          />
          <img
            alt="star"
            className="star"
            src="test-file-stub"
          />
        </div>
        <div
          className="x"
          style={
            Object {
              "width": "132px",
            }
          }
        >
          <img
            alt="star"
            className="star"
            src="test-file-stub"
          />
          <img
            alt="star"
            className="star"
            src="test-file-stub"
          />
          <img
            alt="star"
            className="star"
            src="test-file-stub"
          />
          <img
            alt="star"
            className="star"
            src="test-file-stub"
          />
          <img
            alt="star"
            className="star"
            src="test-file-stub"
          />
          <img
            alt="star"
            className="star"
            src="test-file-stub"
          />
          <img
            alt="star"
            className="star"
            src="test-file-stub"
          />
          <img
            alt="star"
            className="star"
            src="test-file-stub"
          />
          <img
            alt="star"
            className="star"
            src="test-file-stub"
          />
          <img
            alt="star"
            className="star"
            src="test-file-stub"
          />
        </div>
        <div
          className="container"
        >
          6.6
        </div>
      </div>
    </div>
    <div
      className="buttonsBlock"
    >
      <button
        className="container"
        onClick={[Function]}
        type="button"
      >
        Watch Now
      </button>
      <button
        className="container"
        onClick={[Function]}
        type="button"
      >
        View Info
      </button>
    </div>
  </div>
</div>
`;

exports[`2.test MOVIE DETAILS PAGE component render 1`] = `
<div>
  <div>
    <div
      className="curtian"
    >
      <img
        alt="no poster"
        className="poster"
        src="http://ctoetotakoe.ru/wp-content/uploads/2016/05/404-not-found.png"
      />
    </div>
  </div>
</div>
`;

exports[`3.test MOVIE DETAILS PAGE component render 1`] = `
<div>
  <div>
    <div
      className="curtian"
    >
      <img
        alt="no poster"
        className="poster"
        src="http://ctoetotakoe.ru/wp-content/uploads/2016/05/404-not-found.png"
      />
    </div>
  </div>
</div>
`;

exports[`4.test MOVIE DETAILS PAGE component render 1`] = `
<div
  style={
    Object {
      "height": "500px",
    }
  }
/>
`;
