// Jest Snapshot v1, https://goo.gl/fbAQLP

exports[`test component 1`] = `
<div
  className="content"
>
  <h1
    className="name"
  >
    KST
  </h1>
</div>
`;
