// Jest Snapshot v1, https://goo.gl/fbAQLP

exports[`test component render 1`] = `
<div
  className="container"
>
  <div
    className="buttonsBlock"
  >
    <div />
  </div>
</div>
`;
